Sweep plan: 240 cells total, 240 remaining (0 already done).
[1/240] START drl/B0/ports/seed42
  done in 25.1 min | progress 1/240 (ok=1, failed=0) | elapsed 0.42h | ETA 99.91h
[2/240] START drl/B1/ports/seed42
  done in 27.7 min | progress 2/240 (ok=2, failed=0) | elapsed 0.88h | ETA 104.78h
[3/240] START drl/B2/ports/seed42
  done in 27.6 min | progress 3/240 (ok=3, failed=0) | elapsed 1.34h | ETA 105.95h
[4/240] START drl/B3/ports/seed42
  done in 27.3 min | progress 4/240 (ok=4, failed=0) | elapsed 1.80h | ETA 105.94h
[5/240] START drl/B4/ports/seed42
  done in 27.6 min | progress 5/240 (ok=5, failed=0) | elapsed 2.26h | ETA 106.01h
[6/240] START drl/B5/ports/seed42
  done in 27.5 min | progress 6/240 (ok=6, failed=0) | elapsed 2.71h | ETA 105.87h
[7/240] START drl/B6/ports/seed42
  done in 27.8 min | progress 7/240 (ok=7, failed=0) | elapsed 3.18h | ETA 105.79h
[8/240] START drl/B7/ports/seed42
  done in 27.7 min | progress 8/240 (ok=8, failed=0) | elapsed 3.64h | ETA 105.54h
[9/240] START drl/B8/ports/seed42
  done in 27.7 min | progress 9/240 (ok=9, failed=0) | elapsed 4.10h | ETA 105.25h
[10/240] START drl/B9/ports/seed42
  done in 27.5 min | progress 10/240 (ok=10, failed=0) | elapsed 4.56h | ETA 104.85h
[11/240] START drl/B10/ports/seed42
  done in 27.6 min | progress 11/240 (ok=11, failed=0) | elapsed 5.02h | ETA 104.46h
[12/240] START supervised/rf/ports/seed42
  done in 11.7 min | progress 12/240 (ok=12, failed=0) | elapsed 5.21h | ETA 99.05h
[13/240] START supervised/xgb/ports/seed42
  done in 2.4 min | progress 13/240 (ok=13, failed=0) | elapsed 5.25h | ETA 91.72h
[14/240] START supervised/mlp/ports/seed42
  done in 2.0 min | progress 14/240 (ok=14, failed=0) | elapsed 5.29h | ETA 85.32h
[15/240] START supervised/lstm/ports/seed42
  done in 83.3 min | progress 15/240 (ok=15, failed=0) | elapsed 6.67h | ETA 100.11h
[16/240] START drl/B0/noports/seed42
  done in 25.3 min | progress 16/240 (ok=16, failed=0) | elapsed 7.10h | ETA 99.35h
[17/240] START drl/B1/noports/seed42
  done in 27.7 min | progress 17/240 (ok=17, failed=0) | elapsed 7.56h | ETA 99.14h
[18/240] START drl/B2/noports/seed42
  done in 27.2 min | progress 18/240 (ok=18, failed=0) | elapsed 8.01h | ETA 98.80h
[19/240] START drl/B3/noports/seed42
  done in 27.3 min | progress 19/240 (ok=19, failed=0) | elapsed 8.47h | ETA 98.47h
[20/240] START drl/B4/noports/seed42
  done in 27.8 min | progress 20/240 (ok=20, failed=0) | elapsed 8.93h | ETA 98.22h
[21/240] START drl/B5/noports/seed42
  done in 27.7 min | progress 21/240 (ok=21, failed=0) | elapsed 9.39h | ETA 97.92h
[22/240] START drl/B6/noports/seed42
  done in 27.8 min | progress 22/240 (ok=22, failed=0) | elapsed 9.85h | ETA 97.63h
[23/240] START drl/B7/noports/seed42
  done in 27.6 min | progress 23/240 (ok=23, failed=0) | elapsed 10.31h | ETA 97.30h
[24/240] START drl/B8/noports/seed42
  done in 27.5 min | progress 24/240 (ok=24, failed=0) | elapsed 10.77h | ETA 96.95h
[25/240] START drl/B9/noports/seed42
  done in 27.5 min | progress 25/240 (ok=25, failed=0) | elapsed 11.23h | ETA 96.59h
[26/240] START drl/B10/noports/seed42
  done in 27.6 min | progress 26/240 (ok=26, failed=0) | elapsed 11.69h | ETA 96.23h
[27/240] START supervised/rf/noports/seed42
  done in 9.0 min | progress 27/240 (ok=27, failed=0) | elapsed 11.84h | ETA 93.41h
[28/240] START supervised/xgb/noports/seed42
  done in 2.3 min | progress 28/240 (ok=28, failed=0) | elapsed 11.88h | ETA 89.95h
[29/240] START supervised/mlp/noports/seed42
  done in 1.9 min | progress 29/240 (ok=29, failed=0) | elapsed 11.91h | ETA 86.67h
[30/240] START supervised/lstm/noports/seed42
  done in 66.9 min | progress 30/240 (ok=30, failed=0) | elapsed 13.03h | ETA 91.19h
[31/240] START drl/B0/ports/seed43
  done in 25.0 min | progress 31/240 (ok=31, failed=0) | elapsed 13.44h | ETA 90.64h
[32/240] START drl/B1/ports/seed43
  done in 27.7 min | progress 32/240 (ok=32, failed=0) | elapsed 13.91h | ETA 90.39h
[33/240] START drl/B2/ports/seed43
  done in 27.3 min | progress 33/240 (ok=33, failed=0) | elapsed 14.36h | ETA 90.08h
[34/240] START drl/B3/ports/seed43
  done in 27.2 min | progress 34/240 (ok=34, failed=0) | elapsed 14.81h | ETA 89.75h
[35/240] START drl/B4/ports/seed43
  done in 27.7 min | progress 35/240 (ok=35, failed=0) | elapsed 15.27h | ETA 89.47h
[36/240] START drl/B5/ports/seed43
  done in 27.5 min | progress 36/240 (ok=36, failed=0) | elapsed 15.73h | ETA 89.15h
[37/240] START drl/B6/ports/seed43
  done in 27.8 min | progress 37/240 (ok=37, failed=0) | elapsed 16.20h | ETA 88.86h
[38/240] START drl/B7/ports/seed43
  done in 27.5 min | progress 38/240 (ok=38, failed=0) | elapsed 16.65h | ETA 88.53h
[39/240] START drl/B8/ports/seed43
  done in 27.4 min | progress 39/240 (ok=39, failed=0) | elapsed 17.11h | ETA 88.19h
[40/240] START drl/B9/ports/seed43
  done in 27.5 min | progress 40/240 (ok=40, failed=0) | elapsed 17.57h | ETA 87.85h
[41/240] START drl/B10/ports/seed43
  done in 27.6 min | progress 41/240 (ok=41, failed=0) | elapsed 18.03h | ETA 87.51h
[42/240] START supervised/rf/ports/seed43
  done in 11.6 min | progress 42/240 (ok=42, failed=0) | elapsed 18.22h | ETA 85.91h
[43/240] START supervised/xgb/ports/seed43
  done in 2.4 min | progress 43/240 (ok=43, failed=0) | elapsed 18.26h | ETA 83.67h
[44/240] START supervised/mlp/ports/seed43
  done in 1.9 min | progress 44/240 (ok=44, failed=0) | elapsed 18.30h | ETA 81.50h
[45/240] START supervised/lstm/ports/seed43
  done in 83.3 min | progress 45/240 (ok=45, failed=0) | elapsed 19.68h | ETA 85.29h
[46/240] START drl/B0/noports/seed43
  done in 25.0 min | progress 46/240 (ok=46, failed=0) | elapsed 20.10h | ETA 84.77h
[47/240] START drl/B1/noports/seed43
  done in 27.6 min | progress 47/240 (ok=47, failed=0) | elapsed 20.56h | ETA 84.43h
[48/240] START drl/B2/noports/seed43
  done in 27.2 min | progress 48/240 (ok=48, failed=0) | elapsed 21.01h | ETA 84.05h
[49/240] START drl/B3/noports/seed43
  done in 27.1 min | progress 49/240 (ok=49, failed=0) | elapsed 21.46h | ETA 83.67h
[50/240] START drl/B4/noports/seed43
  done in 27.6 min | progress 50/240 (ok=50, failed=0) | elapsed 21.92h | ETA 83.31h
[51/240] START drl/B5/noports/seed43
  done in 27.5 min | progress 51/240 (ok=51, failed=0) | elapsed 22.38h | ETA 82.95h
[52/240] START drl/B6/noports/seed43
  done in 27.9 min | progress 52/240 (ok=52, failed=0) | elapsed 22.85h | ETA 82.60h
[53/240] START drl/B7/noports/seed43
  done in 27.8 min | progress 53/240 (ok=53, failed=0) | elapsed 23.31h | ETA 82.25h
[54/240] START drl/B8/noports/seed43
  done in 27.4 min | progress 54/240 (ok=54, failed=0) | elapsed 23.77h | ETA 81.86h
[55/240] START drl/B9/noports/seed43
  done in 27.6 min | progress 55/240 (ok=55, failed=0) | elapsed 24.23h | ETA 81.49h
[56/240] START drl/B10/noports/seed43
  done in 27.9 min | progress 56/240 (ok=56, failed=0) | elapsed 24.69h | ETA 81.13h
[57/240] START supervised/rf/noports/seed43
  done in 9.1 min | progress 57/240 (ok=57, failed=0) | elapsed 24.84h | ETA 79.76h
[58/240] START supervised/xgb/noports/seed43
  done in 2.3 min | progress 58/240 (ok=58, failed=0) | elapsed 24.88h | ETA 78.08h
[59/240] START supervised/mlp/noports/seed43
  done in 2.0 min | progress 59/240 (ok=59, failed=0) | elapsed 24.92h | ETA 76.44h
[60/240] START supervised/lstm/noports/seed43
  done in 53.7 min | progress 60/240 (ok=60, failed=0) | elapsed 25.81h | ETA 77.43h
[61/240] START drl/B0/ports/seed44
